// Jest Snapshot v1, https://goo.gl/fbAQLP

exports[`matches snapshot 1`] = `
<DocumentFragment>
  <p>
    Praesentium dicta et ut quisquam. Dolor mollitia omnis accusamus minus distinctio accusamus. Velit consequatur quos. Sed ab magnam amet. Dolorem omnis illo. Praesentium dolore dolores molestiae eos architecto rerum consequatur maiores qui. Dicta similique ab dignissimos veritatis eos distinctio iusto itaque. Aliquid natus hic. Fugiat nisi nam eligendi molestiae quasi cumque. Soluta esse in non aut quia.
  </p>
</DocumentFragment>
`;
