// Jest Snapshot v1, https://goo.gl/fbAQLP

exports[`matches snapshot 1`] = `
<DocumentFragment>
  <img
    alt="dummy data"
    height="630"
    src="https://fecpictures.s3.us-east-2.amazonaws.com/pics/100.jpg"
    width="1120"
  />
</DocumentFragment>
`;
